// Jest Snapshot v1, https://goo.gl/fbAQLP

exports[`Cell component Cell renders correctly 1`] = `
<button
  className="cell "
  onClick={[Function]}
  type="button"
/>
`;
